com.parallax.shell.ParallaxKiSettingKarwaDo -> Parallax.Enc.Parallax1:
com.parallax.shell.Parallax2 -> Parallax.Enc.Parallax2:
com.parallax.shell.ParallaxGate -> Parallax.Enc.Parallax3:
com.parallax.shell.Global -> Parallax.Enc.Parallax4:
com.parallax.shell.ParallaxBhaiKiSecurity -> Parallax.Enc.Parallax5:
com.parallax.shell.ParallaxBhaiya -> Parallax.Enc.Parallax6:
com.parallax.shell.ParallaxDialogBhaiya -> Parallax.Enc.Parallax7:
com.parallax.shell.ParallaxHu -> Parallax.Enc.Parallax8:
com.parallax.shell.ParallaxHuMaalik -> Parallax.Enc.Parallax9:
com.parallax.shell.ParallaxJaRaha -> Parallax.Enc.Parallax10:
com.parallax.shell.ParallaxKaBhaiJangu -> Parallax.Enc.Parallax11:
com.parallax.shell.ParallaxKiShadiKarwaDo -> Parallax.Enc.Parallax12:
com.parallax.shell.ParallaxLovers -> Parallax.Enc.Parallax13:
com.parallax.shell.ParallaxVirtualBhaiya -> Parallax.Enc.Parallax14:
com.parallax.shell.JangamMeraBhaiHai -> Parallax.Enc.JangamBhai:
com.parallax.shell.ParallaxHuYaarBhai -> Parallax.Enc.DarkDevel:
com.parallax.shell.Parallax -> Parallax.Enc.Keshav:
parallax.vm.Parallax16 -> Parallax.Enc.CrackWarTeamMC:
