com.parallax.shell.ParallaxKiSettingKarwaDo -> com.parallax.shell.Parallax1:
com.parallax.shell.ParallaxGate -> com.parallax.shell.Parallax3:
com.parallax.shell.Global -> com.parallax.shell.Parallax4:
com.parallax.shell.Parallax -> com.parallax.shell.Parallax5:
com.parallax.shell.ParallaxBhaiKiSecurity -> com.parallax.shell.Parallax6:
com.parallax.shell.ParallaxBhaiya -> com.parallax.shell.Parallax7:
com.parallax.shell.ParallaxDialogBhaiya -> com.parallax.shell.Parallax8:
com.parallax.shell.ParallaxHu -> com.parallax.shell.Parallax9:
com.parallax.shell.ParallaxHuMaalik -> com.parallax.shell.Parallax10:
com.parallax.shell.ParallaxJaRaha -> com.parallax.shell.Parallax11:
com.parallax.shell.ParallaxKaBhaiJangu -> com.parallax.shell.Parallax12:
com.parallax.shell.ParallaxKiShadiKarwaDo -> com.parallax.shell.Parallax13:
com.parallax.shell.ParallaxLovers -> com.parallax.shell.Parallax14:
com.parallax.shell.ParallaxVirtualBhaiya -> com.parallax.shell.Parallax15:
com.parallax.shell.JangamMeraBhaiHai -> com.parallax.shell.JangamBhai:
com.parallax.shell.ParallaxHuYaarBhai -> com.parallax.shell.Darkdevel:
